
         
 *******************************************************************************
 *                                                                             *
 *                               CRYSTAL17                                     *
 *                      public : 1.0.1 - Feb 1st, 2017                         *
 *                       HTTP://WWW.CRYSTAL.UNITO.IT                           *
 *                                                                             *
 *                              MAIN AUTHORS                                   *
 *                                                                             *
 *  R. DOVESI(1,11), V.R. SAUNDERS(2), C. ROETTI(1,11), R. ORLANDO(1,11),      *
 *  C.M. ZICOVICH-WILSON(1,3), F. PASCALE(4), B. CIVALLERI(1,11),              *
 *  K. DOLL(5), N.M. HARRISON(2,6), I.J. BUSH(7), Ph. D'ARCO(8),               *
 *  M. LLUNELL(9), M. CAUSA'(10), Y. NOEL(8), L. MASCHIO(1,11), A. ERBA(1,11)  *
 *  M. RE'RAT(14), S. CASASSA(1,11)                                            *
 *                                                                             *
 *        CONTRIBUTIONS TO THE CODE HAVE ALSO BEEN GIVEN BY                    *
 *                                                                             *
 *  M. FERRABONE(1,11), M. DE LA PIERRE(1,11), M. FERRERO(1,11),               *
 *  J. BAIMA(1,11), E. ALBANESE(1,11), M.F. PEINTINGER(12), R. BAST(13),       *
 *  B. KIRTMAN(15), V. LACIVITA(1,11), R. DEMICHELIS(1,16)                     *
 *  G. BRANDEBURG(17), S. SALUSTRO(1,11), G. SANSONE(1,11)                     *
 *  M.T. RUGGIERO(18)                                                          *
 *                                                                             *
 * (1) THEORETICAL CHEMISTRY GROUP - UNIVERSITA' DI TORINO - TORINO (ITALY)    *

 * (2) COMPUTATIONAL SCIENCE & ENGINEERING DEPARTMENT - STFC DARESBURY (UK)    *
 * (3) UNIVERSIDAD AUTONOMA DEL ESTADO DE MORELOS - CUERNAVACA (MEXICO)        *
 * (4) UNIVERSITE' DE LORRAINE - NANCY (FRANCE)                                *
 * (5) UNIVERSITAET STUTTGART- STUTTGART (GERMANY)                             *
 * (6) IMPERIAL COLLEGE - LONDON (UK)                                          *
 * (7) OXFORD E-RESEARCH CENTRE - OXFORD (UK)                                  *
 * (8) UPMC - SORBONNE UNIVERSITES - PARIS (FRANCE)                            *
 * (9) UNIVERSIDAD DE BARCELONA - BARCELONA (SPAIN)                            *
 *(10) UNIVERSITA' DI NAPOLI "FEDERICO II" - NAPOLI (ITALY)                    *
 *(11) NIS - NANOSTRUCTURED INTERFACES AND SURFACES - TORINO (ITALY)           *
 *(12) MPI FUER CHEMISCHE ENERGIEKONVERSION - MUELHEIM AN DER RUHR (GERMANY)   *
 *(13) UNIVERSITY OF TROMSO - TROMSO (NORWAY)                                  *
 *(14) UNIVERSITE' DE PAU ET DES PAYS DE L'ADOUR - PAU (FRANCE)                *
 *(15) UNIVERSITY OF CALIFORNIA SANTA BARBARA - SANTA BARBARA (USA)            *
 *(16) CURTIN UNIVERSITY - PERTH (AUSTRALIA)                                   *
 *(17) UNIVERSITY COLLEGE LONDON - LONDON (UK)                                 *
 *(18) CAMBRIDGE UNIVERSITY - CAMBRIDGE (UK)                                   *
 *                                                                             *
 *******************************************************************************
 EEEEEEEEEE STARTING  DATE 18 07 2019 TIME 20:15:30.9
 Fe as CRYSTAL suggests                                                          

 CRYSTAL CALCULATION
 (INPUT ACCORDING TO THE INTERNATIONAL TABLES FOR X-RAY CRYSTALLOGRAPHY)
 CRYSTAL FAMILY                       :  CUBIC       
 CRYSTAL CLASS  (GROTH - 1921)        :  CUBIC HEXAKISOCTAHEDRAL              

 SPACE GROUP (CENTROSYMMETRIC)        :  I M 3 M         

 LATTICE PARAMETERS  (ANGSTROMS AND DEGREES) - CONVENTIONAL CELL
        A           B           C        ALPHA        BETA       GAMMA
     2.77687     2.77687     2.77687    90.00000    90.00000    90.00000


 NUMBER OF IRREDUCIBLE ATOMS IN THE CONVENTIONAL CELL:    1

 INPUT COORDINATES

 ATOM AT. N.              COORDINATES
   1  26     0.000000000000E+00  0.000000000000E+00  0.000000000000E+00

 *******************************************************************************

 << INFORMATION >>: FROM NOW ON, ALL COORDINATES REFER TO THE PRIMITIVE CELL

 *******************************************************************************

 LATTICE PARAMETERS  (ANGSTROMS AND DEGREES) - PRIMITIVE CELL
       A          B          C        ALPHA      BETA     GAMMA        VOLUME
    2.40484    2.40484    2.40484   109.47122 109.47122 109.47122     10.706275

 COORDINATES OF THE EQUIVALENT ATOMS (FRACTIONAL UNITS)

 N. ATOM EQUIV AT. N.          X                  Y                  Z

   1   1   1   26 FE    0.00000000000E+00  0.00000000000E+00  0.00000000000E+00

 NUMBER OF SYMMETRY OPERATORS         :   48
 *******************************************************************************
 * GEOMETRY EDITING - INPUT COORDINATES ARE GIVEN IN ANGSTROM         
 *******************************************************************************

 GEOMETRY NOW FULLY CONSISTENT WITH THE GROUP


 *******************************************************************************
  * CELL ROTATION 
 *******************************************************************************

 DIRECT-LATTICE FUNDAMENTAL VECTORS 
             X         Y         Z
 A1      -1.3884    1.3884    1.3884
 A2       1.3884   -1.3884    1.3884
 A3       1.3884    1.3884   -1.3884
 **********************************************************************
 *            DEFINITION OF THE NEW LATTICE VECTORS                   *
 *            TWO OF WHICH BELONG TO THE SELECTED PLANE               *
 **********************************************************************

                       PLANE INDICES =   1   1   0
                   PRIMITIVE INDICES =   0   0   1

 NEW FUNDAMENTAL DIRECT-LATTICE VECTORS B1,B2,B3
 B1=      1 A1    0 A2    0 A3 
 B2=      0 A1    1 A2    0 A3 
 B3=      0 A1    0 A2    1 A3 

 LATTICE PARAMETERS  (ANGSTROM  AND DEGREES)
        A           B           C        ALPHA        BETA       GAMMA
     2.40484     2.40484     2.40484   109.47122   109.47122   109.47122

 NUMBER OF PRIMITIVE CELLS CONTAINED IN THE NEW FUNDAMENTAL CELL :  1

 *** THE CARTESIAN FRAME IS ROTATED SO THAT
     THE SELECTED PLANE IS IN THE X-Y PLANE

 NEW FUNDAMENTAL DIRECT-LATTICE VECTORS B1,B2,B3
             X         Y         Z
 B1       2.4048    0.0000    0.0000
 B2      -0.8016    2.2673    0.0000
 B3      -0.8016   -1.1337    1.9635

 VOLUME OF THE 3D CELL      10.706
 AREA OF THE 2D CELL         5.453
 B3 MODULUS                  2.405
 B3 Z PROJECTION             1.964
 B3 X-Y PROJECTION           1.388

 UNIT CELL ATOM COORDINATES :
 LAB AT.NO.       CARTESIAN (ANG)               CRYSTALLOGRAPHIC
   1  26       0.000     0.000     0.000     0.000000   0.000000   0.000000
   1  26       0.000     0.000     0.000     0.000000   0.000000   0.000000

 ATOMS CLASSIFIED ACCORDING TO THE Z COORDINATE :
  LAYER   1 Z=   0.0000; LABEL AT.NO.              X,Y,Z (ANG.)
                           1    26        0.00000     0.00000     0.00000

 *************************** CELL ROTATION COMPLETE ***************************


 *******************************************************************************
 * TWO DIMENSIONAL SLAB PARALLEL TO THE SELECTED PLANE
 *******************************************************************************
         SURFACE LAYER NO.  1
         TOTAL NUMBER OF LAYERS:   5

 ORIGIN SHIFT TO MAXIMIZE USE OF SYMMETRY=    -2.000

 NUMBER OF SYMMOPS=  8

 COORDINATES OF THE ATOMS BELONGING TO THE SLAB
 LAB AT.N.     CARTESIAN (ANG)        FRACTIONAL (3D)      FRAC (2D)     Z(ANG)
   1  26  0.00000  0.00000  3.92709  0.000  0.000  2.000  0.000  0.000   3.92709
   2  26  0.80161  1.13365  1.96355 -0.000  0.000  1.000  0.500  0.500   1.96355
   3  26 -0.00000  0.00000  0.00000 -0.000  0.000  0.000 -0.000  0.000   0.00000
   4  26  1.60323 -1.13365 -1.96355 -0.000 -0.000 -1.000  0.500 -0.500  -1.96355
   5  26 -0.00000  0.00000 -3.92709 -0.000  0.000 -2.000 -0.000  0.000  -3.92709


 ******************************* SLAB GENERATED *******************************

 NO SYMMOPS WITH FINITE TRANSLATIONAL COMPONENT

 *******************************************************************************
 * SUPERCELL OPTION
 *******************************************************************************


        EXPANSION MATRIX OF PRIMITIVE CELL
 E1     4.000     0.000     0.000
 E2     0.000     2.000     0.000
 E3     0.000     0.000     0.000

 NUMBER OF ATOMS PER SUPERCELL    40

        DIRECT LATTICE VECTORS COMPONENTS (ANGSTROM)
 B1     9.619     0.000     0.000
 B2    -1.603     4.535     0.000
 B3     0.000     0.000   500.000

 LATTICE PARAMETERS  (ANGSTROM AND DEGREES)
       A          B          C         ALPHA     BETA     GAMMA        VOLUME
    9.61937    4.80969  500.00000    90.00000  90.00000 109.47122     43.620161


 **** ATOMS BELONGING TO THE SUPERCELL
 LABEL AT.NO.      COORDINATES (ANGSTROM AND FRACTIONAL)
     1    26     0.0000     0.0000     3.9271     0.0000     0.0000
     2    26     0.8016    -2.2673     3.9271     0.0000    -0.5000
     3    26     2.4048     0.0000     3.9271     0.2500     0.0000
     4    26     3.2065    -2.2673     3.9271     0.2500    -0.5000
     5    26     4.8097     0.0000     3.9271     0.5000     0.0000
     6    26     5.6113    -2.2673     3.9271     0.5000    -0.5000
     7    26    -2.4048     0.0000     3.9271    -0.2500     0.0000
     8    26    -1.6032    -2.2673     3.9271    -0.2500    -0.5000
     9    26     0.8016     1.1337     1.9635     0.1250     0.2500
    10    26     1.6032    -1.1337     1.9635     0.1250    -0.2500
    11    26     3.2065     1.1337     1.9635     0.3750     0.2500
    12    26     4.0081    -1.1337     1.9635     0.3750    -0.2500
    13    26    -4.0081     1.1337     1.9635    -0.3750     0.2500
    14    26    -3.2065    -1.1337     1.9635    -0.3750    -0.2500
    15    26    -1.6032     1.1337     1.9635    -0.1250     0.2500
    16    26    -0.8016    -1.1337     1.9635    -0.1250    -0.2500
    17    26    -0.0000     0.0000     0.0000    -0.0000     0.0000
    18    26     0.8016    -2.2673     0.0000    -0.0000    -0.5000
    19    26     2.4048     0.0000     0.0000     0.2500     0.0000
    20    26     3.2065    -2.2673     0.0000     0.2500    -0.5000
    21    26     4.8097     0.0000     0.0000     0.5000     0.0000
    22    26     5.6113    -2.2673     0.0000     0.5000    -0.5000
    23    26    -2.4048     0.0000     0.0000    -0.2500     0.0000
    24    26    -1.6032    -2.2673     0.0000    -0.2500    -0.5000
    25    26     1.6032    -1.1337    -1.9635     0.1250    -0.2500
    26    26     0.8016     1.1337    -1.9635     0.1250     0.2500
    27    26     4.0081    -1.1337    -1.9635     0.3750    -0.2500
    28    26     3.2065     1.1337    -1.9635     0.3750     0.2500
    29    26    -3.2065    -1.1337    -1.9635    -0.3750    -0.2500
    30    26    -4.0081     1.1337    -1.9635    -0.3750     0.2500
    31    26    -0.8016    -1.1337    -1.9635    -0.1250    -0.2500
    32    26    -1.6032     1.1337    -1.9635    -0.1250     0.2500
    33    26    -0.0000     0.0000    -3.9271    -0.0000     0.0000
    34    26     0.8016    -2.2673    -3.9271    -0.0000    -0.5000
    35    26     2.4048     0.0000    -3.9271     0.2500     0.0000
    36    26     3.2065    -2.2673    -3.9271     0.2500    -0.5000
    37    26     4.8097     0.0000    -3.9271     0.5000     0.0000
    38    26     5.6113    -2.2673    -3.9271     0.5000    -0.5000
    39    26    -2.4048     0.0000    -3.9271    -0.2500     0.0000
    40    26    -1.6032    -2.2673    -3.9271    -0.2500    -0.5000

 **************************** SUPERCELL GENERATED ****************************
 THE NUMBER OF SYMMETRY OPERATORS HAS BEEN REDUCED FROM  8 TO  4
 *******************************************************************************
 *******************************************************************************
 *  GEOMETRY EDITING
 *  THE SYMMETRY OF THE CRYSTAL IS KEPT AND APPLIED TO THE PERTURBATION
 *******************************************************************************
 INFORMATION **** CRYSTA **** INPUT UNITS IN PERIODIC DIRECTIONS: FRACTIONAL

 *******************************************************************************
 * ADDITION OF    8 NEW ATOMS
 *******************************************************************************
 ATOM ADDED: LABEL   41 AT. N.   6 COOR.(A)   0.00000   0.00000   5.60000
   2 ATOM(S) ADDED, SYMMETRY-RELATED TO ATOM  41 AT. N.   6 COOR.   0.00000   0.00000   5.60000
 ATOM N.  41 AT.N.   6 COOR.   0.00000   0.00000   5.60000
 ATOM N.  42 AT.N.   6 COOR.   0.00000   0.00000  -5.60000
 ATOM ADDED: LABEL   43 AT. N.   8 COOR.(A)   0.00000   0.00000   6.80000
   2 ATOM(S) ADDED, SYMMETRY-RELATED TO ATOM  43 AT. N.   8 COOR.   0.00000   0.00000   6.80000
 ATOM N.  43 AT.N.   8 COOR.   0.00000   0.00000   6.80000
 ATOM N.  44 AT.N.   8 COOR.   0.00000   0.00000  -6.80000
 ATOM ADDED: LABEL   45 AT. N.   6 COOR.(A)   3.52710   2.26731   5.60000
   4 ATOM(S) ADDED, SYMMETRY-RELATED TO ATOM  45 AT. N.   6 COOR.   3.52710   2.26731   5.60000
 ATOM N.  45 AT.N.   6 COOR.   3.52710   2.26731   5.60000
 ATOM N.  46 AT.N.   6 COOR.  -3.52710  -2.26731   5.60000
 ATOM N.  47 AT.N.   6 COOR.  -3.52710  -2.26731  -5.60000
 ATOM N.  48 AT.N.   6 COOR.   3.52710   2.26731  -5.60000
 ATOM ADDED: LABEL   49 AT. N.   8 COOR.(A)   3.52710   2.26731   6.80000
   4 ATOM(S) ADDED, SYMMETRY-RELATED TO ATOM  49 AT. N.   8 COOR.   3.52710   2.26731   6.80000
 ATOM N.  49 AT.N.   8 COOR.   3.52710   2.26731   6.80000
 ATOM N.  50 AT.N.   8 COOR.  -3.52710  -2.26731   6.80000
 ATOM N.  51 AT.N.   8 COOR.  -3.52710  -2.26731  -6.80000
 ATOM N.  52 AT.N.   8 COOR.   3.52710   2.26731  -6.80000
 ATOM ADDED: LABEL   53 AT. N.   6 COOR.(A)   5.29066   0.00000   5.60000
   4 ATOM(S) ADDED, SYMMETRY-RELATED TO ATOM  53 AT. N.   6 COOR.   5.29066   0.00000   5.60000
 ATOM N.  53 AT.N.   6 COOR.   5.29066   0.00000   5.60000
 ATOM N.  54 AT.N.   6 COOR.  -5.29066  -0.00000   5.60000
 ATOM N.  55 AT.N.   6 COOR.  -5.29066   0.00000  -5.60000
 ATOM N.  56 AT.N.   6 COOR.   5.29066   0.00000  -5.60000
 ATOM ADDED: LABEL   57 AT. N.   8 COOR.(A)   5.29066   0.00000   6.80000
   4 ATOM(S) ADDED, SYMMETRY-RELATED TO ATOM  57 AT. N.   8 COOR.   5.29066   0.00000   6.80000
 ATOM N.  57 AT.N.   8 COOR.   5.29066   0.00000   6.80000
 ATOM N.  58 AT.N.   8 COOR.  -5.29066  -0.00000   6.80000
 ATOM N.  59 AT.N.   8 COOR.  -5.29066   0.00000  -6.80000
 ATOM N.  60 AT.N.   8 COOR.   5.29066   0.00000  -6.80000
 ATOM ADDED: LABEL   61 AT. N.   6 COOR.(A)  -1.28258   2.26731   5.60000
   4 ATOM(S) ADDED, SYMMETRY-RELATED TO ATOM  61 AT. N.   6 COOR.  -1.28258   2.26731   5.60000
 ATOM N.  61 AT.N.   6 COOR.  -1.28258   2.26731   5.60000
 ATOM N.  62 AT.N.   6 COOR.   1.28258  -2.26731   5.60000
 ATOM N.  63 AT.N.   6 COOR.   1.28258  -2.26731  -5.60000
 ATOM N.  64 AT.N.   6 COOR.  -1.28258   2.26731  -5.60000
 ATOM ADDED: LABEL   65 AT. N.   8 COOR.(A)  -1.28258   2.26731   6.80000
   4 ATOM(S) ADDED, SYMMETRY-RELATED TO ATOM  65 AT. N.   8 COOR.  -1.28258   2.26731   6.80000
 ATOM N.  65 AT.N.   8 COOR.  -1.28258   2.26731   6.80000
 ATOM N.  66 AT.N.   8 COOR.   1.28258  -2.26731   6.80000
 ATOM N.  67 AT.N.   8 COOR.   1.28258  -2.26731  -6.80000
 ATOM N.  68 AT.N.   8 COOR.  -1.28258   2.26731  -6.80000
 *******************************************************************************
 *  GEOMETRY EDITING
 *  THE SYMMETRY OF THE CRYSTAL IS BROKEN BY THE PERTURBATION
 *******************************************************************************

 *******************************************************************************
 LABEL OF THE    12 ATOM(S) REMOVED:
  46  48  50  52  54  56  58  60  62  64  66  68
 THE NUMBER OF SYMMETRY OPERATORS HAS BEEN REDUCED FROM  4 TO  2
 *******************************************************************************
 *******************************************************************************
 *  GEOMETRY EDITING
 *  THE SYMMETRY OF THE CRYSTAL IS KEPT AND APPLIED TO THE PERTURBATION
 *******************************************************************************
 INFORMATION **** CRYSTA **** INPUT UNITS IN PERIODIC DIRECTIONS: FRACTIONAL

 *******************************************************************************
 * DISPLACEMENT OF    6 ATOMS
 *******************************************************************************

 ATOM N.    1 AT. N.  26 DISPLACED BY (A)  -0.00000   0.00000   0.01612

 SYMMETRY MAINTAINED -  1 ATOM(S) SYMMETRY-RELATED : SEQUENCE NUMBER OF ATOM(S) 
  33
 OLD COORDINATES (FRAC. UNITS)   0.00000   0.00000   3.92709
 NEW COORDINATES (FRAC. UNITS)  -0.00000   0.00000   3.94321

 ATOM N.    2 AT. N.  26 DISPLACED BY (A)   0.00000   0.00000   0.01609

 SYMMETRY MAINTAINED -  2 ATOM(S) SYMMETRY-RELATED : SEQUENCE NUMBER OF ATOM(S) 
  34
 OLD COORDINATES (FRAC. UNITS)   0.00000  -0.50000   3.92709
 NEW COORDINATES (FRAC. UNITS)   0.00000  -0.50000   3.94318

 ATOM N.    3 AT. N.  26 DISPLACED BY (A)   0.00006   0.00004   0.01615

 SYMMETRY MAINTAINED -  3 ATOM(S) SYMMETRY-RELATED : SEQUENCE NUMBER OF ATOM(S) 
  39
 OLD COORDINATES (FRAC. UNITS)   0.25000   0.00000   3.92709
 NEW COORDINATES (FRAC. UNITS)   0.25001   0.00001   3.94324

 ATOM N.    4 AT. N.  26 DISPLACED BY (A)   1.60326  -4.53458   0.01613

 SYMMETRY MAINTAINED -  4 ATOM(S) SYMMETRY-RELATED : SEQUENCE NUMBER OF ATOM(S) 
  40
 OLD COORDINATES (FRAC. UNITS)   0.25000  -0.50000   3.92709
 NEW COORDINATES (FRAC. UNITS)   0.25000  -1.49999   3.94322

 ATOM N.    5 AT. N.  26 DISPLACED BY (A)   0.00000   0.00000   0.01600

 SYMMETRY MAINTAINED -  5 ATOM(S) SYMMETRY-RELATED : SEQUENCE NUMBER OF ATOM(S) 
  37
 OLD COORDINATES (FRAC. UNITS)   0.50000   0.00000   3.92709
 NEW COORDINATES (FRAC. UNITS)   0.50000   0.00000   3.94309

 ATOM N.    6 AT. N.  26 DISPLACED BY (A)   0.00000   0.00000   0.01616

 SYMMETRY MAINTAINED -  6 ATOM(S) SYMMETRY-RELATED : SEQUENCE NUMBER OF ATOM(S) 
  38
 OLD COORDINATES (FRAC. UNITS)   0.50000  -0.50000   3.92709
 NEW COORDINATES (FRAC. UNITS)   0.50000  -0.50000   3.94325

 GCALCO - MAX INDICES DIRECT LATTICE VECTOR    58   117     0
 NO.OF VECTORS CREATED 6999 STARS 1484 RMAX   588.75333 BOHR

 GEOMETRY FOR WAVE FUNCTION - DIMENSIONALITY OF THE SYSTEM    2
 (NON PERIODIC DIRECTION: LATTICE PARAMETER FORMALLY SET TO 500)
 *******************************************************************************
 LATTICE PARAMETERS (ANGSTROMS AND DEGREES) - BOHR = 0.5291772083 ANGSTROM
 PRIMITIVE CELL
         A              B              C           ALPHA      BETA       GAMMA 
     9.61937288     4.80968644   500.00000000    90.000000  90.000000 109.471221
 *******************************************************************************
 ATOMS IN THE ASYMMETRIC UNIT   30 - ATOMS IN THE UNIT CELL:   56
     ATOM                 X/A                 Y/B             Z(ANGSTROM)
 *******************************************************************************
      1 T  26 FE   -2.325084067852E-19  0.000000000000E+00  3.943208826232E+00
      2 T  26 FE   -1.387778780781E-17  5.000000000000E-01  3.943178914433E+00
      3 T  26 FE    2.500074528938E-01  9.317199397871E-06  3.943238693802E+00
      4 T  26 FE    2.500048046097E-01 -4.999931868307E-01  3.943224677604E+00
      5 T  26 FE    5.000000000000E-01  0.000000000000E+00  3.943090749464E+00
      6 T  26 FE    5.000000000000E-01  5.000000000000E-01  3.943251323035E+00
      7 T  26 FE   -2.500000000000E-01  0.000000000000E+00  3.927092532390E+00
      8 T  26 FE   -2.500000000000E-01  5.000000000000E-01  3.927092532390E+00
      9 T  26 FE    1.250000000000E-01  2.500000000000E-01  1.963546266195E+00
     10 T  26 FE    1.250000000000E-01 -2.500000000000E-01  1.963546266195E+00
     11 T  26 FE    3.750000000000E-01  2.500000000000E-01  1.963546266195E+00
     12 T  26 FE    3.750000000000E-01 -2.500000000000E-01  1.963546266195E+00
     13 T  26 FE   -3.750000000000E-01  2.500000000000E-01  1.963546266195E+00
     14 T  26 FE   -3.750000000000E-01 -2.500000000000E-01  1.963546266195E+00
     15 T  26 FE   -1.250000000000E-01  2.500000000000E-01  1.963546266195E+00
     16 T  26 FE   -1.250000000000E-01 -2.500000000000E-01  1.963546266195E+00
     17 T  26 FE   -5.551115123126E-17  0.000000000000E+00  0.000000000000E+00
     18 T  26 FE   -6.938893903907E-17  5.000000000000E-01  0.000000000000E+00
     19 T  26 FE    2.500000000000E-01  0.000000000000E+00  0.000000000000E+00
     20 T  26 FE    2.500000000000E-01  5.000000000000E-01  0.000000000000E+00
     21 T  26 FE    5.000000000000E-01  0.000000000000E+00  0.000000000000E+00
     22 T  26 FE    5.000000000000E-01  5.000000000000E-01  0.000000000000E+00
     23 F  26 FE   -2.500000000000E-01  0.000000000000E+00  0.000000000000E+00
     24 F  26 FE   -2.500000000000E-01  5.000000000000E-01  0.000000000000E+00
     25 F  26 FE    1.250000000000E-01 -2.500000000000E-01 -1.963546266195E+00
     26 F  26 FE    1.250000000000E-01  2.500000000000E-01 -1.963546266195E+00
     27 F  26 FE    3.750000000000E-01 -2.500000000000E-01 -1.963546266195E+00
     28 F  26 FE    3.750000000000E-01  2.500000000000E-01 -1.963546266195E+00
     29 F  26 FE   -3.750000000000E-01 -2.500000000000E-01 -1.963546266195E+00
     30 F  26 FE   -3.750000000000E-01  2.500000000000E-01 -1.963546266195E+00
     31 F  26 FE   -1.250000000000E-01 -2.500000000000E-01 -1.963546266195E+00
     32 F  26 FE   -1.250000000000E-01  2.500000000000E-01 -1.963546266195E+00
     33 F  26 FE    1.632296076843E-17  9.654271416986E-17 -3.943208826232E+00
     34 F  26 FE    1.387778780781E-17  5.000000000000E-01 -3.943178914433E+00
     35 F  26 FE    2.500000000000E-01  0.000000000000E+00 -3.927092532390E+00
     36 F  26 FE    2.500000000000E-01  5.000000000000E-01 -3.927092532390E+00
     37 F  26 FE    5.000000000000E-01  6.878424764681E-17 -3.943090749464E+00
     38 F  26 FE    5.000000000000E-01  5.000000000000E-01 -3.943251323035E+00
     39 F  26 FE   -2.500074528938E-01 -9.317199397788E-06 -3.943238693802E+00
     40 F  26 FE   -2.500048046097E-01  4.999931868307E-01 -3.943224677604E+00
     41 T   6 C     0.000000000000E+00  0.000000000000E+00  5.600000000000E+00
     42 F   0 XX    2.285106805041E-17  1.371064083025E-16 -5.600000000000E+00
     43 T   8 O     0.000000000000E+00  0.000000000000E+00  6.800000000000E+00
     44 F   0 XX    2.774772548978E-17  1.664863529387E-16 -6.800000000000E+00
     45 T   6 C     4.500000000000E-01  5.000000000000E-01  5.600000000000E+00
     46 F   0 XX   -4.500000000000E-01  5.000000000000E-01 -5.600000000000E+00
     47 T   8 O     4.500000000000E-01  5.000000000000E-01  6.800000000000E+00
     48 F   8 O    -4.500000000000E-01  5.000000000000E-01 -6.800000000000E+00
     49 T   6 C    -4.500000000000E-01  0.000000000000E+00  5.600000000000E+00
     50 F   6 C     4.500000000000E-01  1.065752751253E-16 -5.600000000000E+00
     51 T   0 XX   -4.500000000000E-01  0.000000000000E+00  6.800000000000E+00
     52 F   0 XX    4.500000000000E-01  1.359552197615E-16 -6.800000000000E+00
     53 T   6 C    -5.000000000000E-02  5.000000000000E-01  5.600000000000E+00
     54 F   0 XX    5.000000000000E-02  5.000000000000E-01 -5.600000000000E+00
     55 T   8 O    -5.000000000000E-02  5.000000000000E-01  6.800000000000E+00
     56 F   8 O     5.000000000000E-02  5.000000000000E-01 -6.800000000000E+00

 T = ATOM BELONGING TO THE ASYMMETRIC UNIT

 ****    2 SYMMOPS - TRANSLATORS IN FRACTIONAL UNITS
 **** MATRICES AND TRANSLATORS IN THE CRYSTALLOGRAPHIC REFERENCE FRAME
   V INV                    ROTATION MATRICES                   TRANSLATORS
   1   1  1.00  0.00  0.00  0.00  1.00  0.00  0.00  0.00  1.00  0.00  0.00  0.00
   2   2 -1.00  0.00  0.00 -0.00 -1.00  0.00 -0.00  0.00 -1.00  0.00  0.00  0.00

 DIRECT LATTICE VECTORS CARTESIAN COMPONENTS (ANGSTROM)
          X                    Y                    Z
   0.961937287705E+01   0.000000000000E+00   0.000000000000E+00
  -0.160322881284E+01   0.453461586142E+01   0.000000000000E+00
   0.000000000000E+00   0.000000000000E+00   0.500000000000E+03


 CARTESIAN COORDINATES - PRIMITIVE CELL
 *******************************************************************************
 *      ATOM          X(ANGSTROM)         Y(ANGSTROM)         Z(ANGSTROM)
 *******************************************************************************
    1    26 FE   -2.236585061916E-18  0.000000000000E+00  3.943208826232E+00
    2    26 FE   -8.016144064208E-01  2.267307930708E+00  3.943178914433E+00
    3    26 FE    2.404899973824E+00  4.224992017356E-05  3.943238693802E+00
    4    26 FE    4.809721732788E+00 -6.801892897018E+00  3.943224677604E+00
    5    26 FE    4.809686438525E+00  0.000000000000E+00  3.943090749464E+00
    6    26 FE    4.008072032104E+00  2.267307930708E+00  3.943251323035E+00
    7    26 FE   -2.404843219262E+00  0.000000000000E+00  3.927092532390E+00
    8    26 FE   -3.206457625683E+00  2.267307930708E+00  3.927092532390E+00
    9    26 FE    8.016144064208E-01  1.133653965354E+00  1.963546266195E+00
   10    26 FE    1.603228812842E+00 -1.133653965354E+00  1.963546266195E+00
   11    26 FE    3.206457625683E+00  1.133653965354E+00  1.963546266195E+00
   12    26 FE    4.008072032104E+00 -1.133653965354E+00  1.963546266195E+00
   13    26 FE   -4.008072032104E+00  1.133653965354E+00  1.963546266195E+00
   14    26 FE   -3.206457625683E+00 -1.133653965354E+00  1.963546266195E+00
   15    26 FE   -1.603228812842E+00  1.133653965354E+00  1.963546266195E+00
   16    26 FE   -8.016144064208E-01 -1.133653965354E+00  1.963546266195E+00
   17    26 FE   -5.339824625278E-16  0.000000000000E+00  0.000000000000E+00
   18    26 FE   -8.016144064208E-01  2.267307930708E+00  0.000000000000E+00
   19    26 FE    2.404843219262E+00  0.000000000000E+00  0.000000000000E+00
   20    26 FE    1.603228812842E+00  2.267307930708E+00  0.000000000000E+00
   21    26 FE    4.809686438525E+00  0.000000000000E+00  0.000000000000E+00
   22    26 FE    4.008072032104E+00  2.267307930708E+00  0.000000000000E+00
   23    26 FE   -2.404843219262E+00  0.000000000000E+00  0.000000000000E+00
   24    26 FE   -3.206457625683E+00  2.267307930708E+00  0.000000000000E+00
   25    26 FE    1.603228812842E+00 -1.133653965354E+00 -1.963546266195E+00
   26    26 FE    8.016144064208E-01  1.133653965354E+00 -1.963546266195E+00
   27    26 FE    4.008072032104E+00 -1.133653965354E+00 -1.963546266195E+00
   28    26 FE    3.206457625683E+00  1.133653965354E+00 -1.963546266195E+00
   29    26 FE   -3.206457625683E+00 -1.133653965354E+00 -1.963546266195E+00
   30    26 FE   -4.008072032104E+00  1.133653965354E+00 -1.963546266195E+00
   31    26 FE   -8.016144064208E-01 -1.133653965354E+00 -1.963546266195E+00
   32    26 FE   -1.603228812842E+00  1.133653965354E+00 -1.963546266195E+00
   33    26 FE    2.236585061916E-18  4.377841229788E-16 -3.943208826232E+00
   34    26 FE   -8.016144064208E-01  2.267307930708E+00 -3.943178914433E+00
   35    26 FE    2.404843219262E+00  0.000000000000E+00 -3.927092532390E+00
   36    26 FE    1.603228812842E+00  2.267307930708E+00 -3.927092532390E+00
   37    26 FE    4.809686438525E+00  3.119101403948E-16 -3.943090749464E+00
   38    26 FE    4.008072032104E+00  2.267307930708E+00 -3.943251323035E+00
   39    26 FE   -2.404899973824E+00 -4.224992017319E-05 -3.943238693802E+00
   40    26 FE   -4.809721732788E+00  6.801892897018E+00 -3.943224677604E+00
   41     6 C     0.000000000000E+00  0.000000000000E+00  5.600000000000E+00
   42     0 XX    0.000000000000E+00  6.217248937901E-16 -5.600000000000E+00
   43     8 O     0.000000000000E+00  0.000000000000E+00  6.800000000000E+00
   44     0 XX    0.000000000000E+00  7.549516567451E-16 -6.800000000000E+00
   45     6 C     3.527103388252E+00  2.267307930708E+00  5.600000000000E+00
   46     0 XX   -5.130332201093E+00  2.267307930708E+00 -5.600000000000E+00
   47     8 O     3.527103388252E+00  2.267307930708E+00  6.800000000000E+00
   48     8 O    -5.130332201093E+00  2.267307930708E+00 -6.800000000000E+00
   49     6 C     5.290655082377E+00  0.000000000000E+00  5.600000000000E+00
   50     6 C    -5.290655082377E+00  4.832779330178E-16 -5.600000000000E+00
   51     0 XX    5.290655082377E+00  0.000000000000E+00  6.800000000000E+00
   52     0 XX   -5.290655082377E+00  6.165046959728E-16 -6.800000000000E+00
   53     6 C    -1.282583050273E+00  2.267307930708E+00  5.600000000000E+00
   54     0 XX   -3.206457625683E-01  2.267307930708E+00 -5.600000000000E+00
   55     8 O    -1.282583050273E+00  2.267307930708E+00  6.800000000000E+00
   56     8 O    -3.206457625683E-01  2.267307930708E+00 -6.800000000000E+00
 WARNING **** CRYSTA **** TESTGEOM  DIRECTIVE - GEOMETRY EDITING COMPLETE
 TTTTTTTTTTTTTTTTTTTTTTTTTTTTTT END         TELAPSE        0.04 TCPU        0.01
 EEEEEEEEEE TERMINATION  DATE 18 07 2019 TIME 20:15:30.9
