
         
 *******************************************************************************
 *                                                                             *
 *                               CRYSTAL17                                     *
 *                      public : 1.0.1 - Feb 1st, 2017                         *
 *                       HTTP://WWW.CRYSTAL.UNITO.IT                           *
 *                                                                             *
 *                              MAIN AUTHORS                                   *
 *                                                                             *
 *  R. DOVESI(1,11), V.R. SAUNDERS(2), C. ROETTI(1,11), R. ORLANDO(1,11),      *
 *  C.M. ZICOVICH-WILSON(1,3), F. PASCALE(4), B. CIVALLERI(1,11),              *
 *  K. DOLL(5), N.M. HARRISON(2,6), I.J. BUSH(7), Ph. D'ARCO(8),               *
 *  M. LLUNELL(9), M. CAUSA'(10), Y. NOEL(8), L. MASCHIO(1,11), A. ERBA(1,11)  *
 *  M. RE'RAT(14), S. CASASSA(1,11)                                            *
 *                                                                             *
 *        CONTRIBUTIONS TO THE CODE HAVE ALSO BEEN GIVEN BY                    *
 *                                                                             *
 *  M. FERRABONE(1,11), M. DE LA PIERRE(1,11), M. FERRERO(1,11),               *
 *  J. BAIMA(1,11), E. ALBANESE(1,11), M.F. PEINTINGER(12), R. BAST(13),       *
 *  B. KIRTMAN(15), V. LACIVITA(1,11), R. DEMICHELIS(1,16)                     *
 *  G. BRANDEBURG(17), S. SALUSTRO(1,11), G. SANSONE(1,11)                     *
 *  M.T. RUGGIERO(18)                                                          *
 *                                                                             *
 * (1) THEORETICAL CHEMISTRY GROUP - UNIVERSITA' DI TORINO - TORINO (ITALY)    *

 * (2) COMPUTATIONAL SCIENCE & ENGINEERING DEPARTMENT - STFC DARESBURY (UK)    *
 * (3) UNIVERSIDAD AUTONOMA DEL ESTADO DE MORELOS - CUERNAVACA (MEXICO)        *
 * (4) UNIVERSITE' DE LORRAINE - NANCY (FRANCE)                                *
 * (5) UNIVERSITAET STUTTGART- STUTTGART (GERMANY)                             *
 * (6) IMPERIAL COLLEGE - LONDON (UK)                                          *
 * (7) OXFORD E-RESEARCH CENTRE - OXFORD (UK)                                  *
 * (8) UPMC - SORBONNE UNIVERSITES - PARIS (FRANCE)                            *
 * (9) UNIVERSIDAD DE BARCELONA - BARCELONA (SPAIN)                            *
 *(10) UNIVERSITA' DI NAPOLI "FEDERICO II" - NAPOLI (ITALY)                    *
 *(11) NIS - NANOSTRUCTURED INTERFACES AND SURFACES - TORINO (ITALY)           *
 *(12) MPI FUER CHEMISCHE ENERGIEKONVERSION - MUELHEIM AN DER RUHR (GERMANY)   *
 *(13) UNIVERSITY OF TROMSO - TROMSO (NORWAY)                                  *
 *(14) UNIVERSITE' DE PAU ET DES PAYS DE L'ADOUR - PAU (FRANCE)                *
 *(15) UNIVERSITY OF CALIFORNIA SANTA BARBARA - SANTA BARBARA (USA)            *
 *(16) CURTIN UNIVERSITY - PERTH (AUSTRALIA)                                   *
 *(17) UNIVERSITY COLLEGE LONDON - LONDON (UK)                                 *
 *(18) CAMBRIDGE UNIVERSITY - CAMBRIDGE (UK)                                   *
 *                                                                             *
 *******************************************************************************
 EEEEEEEEEE STARTING  DATE 10 01 2020 TIME 06:12:39.8

 *******************************************************************************
 MgO Bulk                                                                        
 CRYSTAL - PROPERTIES - TYPE OF CALCULATION :  RESTRICTED CLOSED SHELL
 *******************************************************************************
 HARTREE-FOCK HAMILTONIAN

 DIRECT LATTICE VECTOR COMPONENTS (ANGSTROM)
         0.00000    2.10500    2.10500
         2.10500    0.00000    2.10500
         2.10500    2.10500    0.00000

 LATTICE PARAMETERS  (ANGSTROM AND DEGREES) - PRIMITIVE CELL
       A          B          C         ALPHA      BETA     GAMMA        VOLUME
    2.97692    2.97692    2.97692     60.0000   60.0000   60.0000      18.65462
 *******************************************************************************
 N. OF ATOMS PER CELL         2 COULOMB OVERLAP TOL          (T1) 10**   -6
 NUMBER OF SHELLS             5 COULOMB PENETRATION TOL      (T2) 10**   -6
 NUMBER OF AO                14 EXCHANGE OVERLAP TOL         (T3) 10**   -6
 N. OF ELECTRONS PER CELL    20 EXCHANGE PSEUDO OVP (F(G))   (T4) 10**   -6
 CORE ELECTRONS PER CELL     12 EXCHANGE PSEUDO OVP (P(G))   (T5) 10**  -12
 N. OF SYMMETRY OPERATORS    48 POLE ORDER IN MONO ZONE                   4
 *******************************************************************************
   ATOM N.AT.  SHELL    X(A)      Y(A)      Z(A)      EXAD       N.ELECT.
 *******************************************************************************
    1   12 MG    3     0.000     0.000     0.000   1.524E-01      11.223
    2    8 O     2     2.105     2.105     2.105   3.804E-01       8.777
 *******************************************************************************
 DE(K)                   0.000E+00  ENERGY LEVEL SHIFTING        0.00000
 TOTAL ENERGY -2.7121814374931E+02  CONVERGENCE ON ENER       -4.923E-09
 KIN. ENERGY   2.6712907389490E+02  VIR. COEFF.           9.92404401E-01
 N. OF SCF CYCLES                7  FERMI ENERGY              -0.147E+00
 WEIGHT OF F(I) IN F(I+1)      30
 SHRINK. FACT.(MONKH.)     8  8  8  SHRINKING FACTOR(GILAT NET)        8
 NUMBER OF K POINTS IN THE IBZ  29  CELL VOLUME (A.U.)        125.887585
 *******************************************************************************

 GCALCO - MAX INDICES DIRECT LATTICE VECTOR    14    14    14
 NO.OF VECTORS CREATED 6999 STARS  105 RMAX    59.53536 BOHR
 TTTTTTTTTTTTTTTTTTTTTTTTTTTTTT gordsh1     TELAPSE        0.01 TCPU        0.00

 MATRIX SIZE: P(G)   13898, F(G)    2820, P(G) IRR     666, F(G) IRR     346
 MAX G-VECTOR INDEX FOR 1- AND 2-ELECTRON INTEGRALS 319


 CAPPA:IS1  8;IS2  8;IS3  8; K PTS MONK NET  29; SYMMOPS:K SPACE  48;G SPACE  48

 INFORMATION **** ROTREF ****  TO BE USED WITH DOSS AND PPAN ONLY

********************************************************************************
               THE CARTESIAN REFERENCE FRAME IS ROTATED
********************************************************************************

 ROTATION MATRIX DEFINED BY INPUT

            ROTATION MATRIX                          INVERSE MATRIX
    0.00000   -1.00000    0.00000            0.00000    1.00000    0.00000
    1.00000    0.00000    0.00000           -1.00000    0.00000    0.00000
    0.00000    0.00000    1.00000            0.00000    0.00000    1.00000

 *******************************************************************************
 DIRECT LATTICE VECTORS COMPON. (A.U.)     RECIP. LATTICE VECTORS COMPON. (A.U.) 
        X          Y          Z                  X          Y          Z
    3.97787    0.00000    3.97787            0.78977    0.78977    0.78977
    0.00000   -3.97787    3.97787           -0.78977   -0.78977    0.78977
    3.97787   -3.97787    0.00000            0.78977   -0.78977   -0.78977

 CARTESIAN ATOMIC COORDINATES IN THE NEW REFERENCE FRAME (A.U.)
    1 (   0.0000,   0.0000,   0.0000)    2 (   3.9779,  -3.9779,   3.9779)

 ************************************************************
 OVERLAP MATRIX IS ROTATED
 ************************************************************

 ************************************************************
 DENSITY MATRIX IS ROTATED
 ************************************************************
 TTTTTTTTTTTTTTTTTTTTTTTTTTTTTT ROTREF      TELAPSE        0.02 TCPU        0.01

 NEIGHBORS OF THE NON-EQUIVALENT ATOMS

 N = NUMBER OF NEIGHBORS AT DISTANCE R
    ATOM  N     R/ANG      R/AU   NEIGHBORS (ATOM LABELS AND CELL INDICES)
   1 MG   6     2.1050     3.9779    2 O   -1 0 0    2 O    0-1 0    2 O    0 0-1
                                     2 O   -1-1 0    2 O   -1 0-1    2 O    0-1-1
   1 MG  12     2.9769     5.6256    1 MG  -1 0 0    1 MG   1 0 0    1 MG  -1 0 1
                                     1 MG   1 0-1    1 MG  -1 1 0    1 MG   1-1 0
                                     1 MG   0-1 0    1 MG   0 1 0    1 MG   0-1 1
                                     1 MG   0 1-1    1 MG   0 0-1    1 MG   0 0 1
   1 MG   8     3.6460     6.8899    2 O    0 0 0    2 O   -1-1 1    2 O   -1 1-1
                                     2 O    1-1-1    2 O   -2 0 0    2 O    0-2 0
                                     2 O    0 0-2    2 O   -1-1-1
   1 MG   6     4.2100     7.9557    1 MG  -1-1 1    1 MG   1 1-1    1 MG  -1 1-1
                                     1 MG   1-1 1    1 MG  -1 1 1    1 MG   1-1-1
   1 MG  24     4.7069     8.8948    2 O    1 0-1    2 O   -1 0 1    2 O    1-1 0
                                     2 O   -1 1 0    2 O    0 1-1    2 O    0-1 1
                                     2 O   -2 0 1    2 O   -2 1 0    2 O    1 0-2
                                     2 O    1-2 0    2 O    0-2 1    2 O    0 1-2
                                     2 O   -2-1 1    2 O   -2 1-1    2 O   -1-2 1
                                     2 O   -1 1-2    2 O    1-1-2    2 O    1-2-1
                                     2 O   -2-1 0    2 O   -2 0-1    2 O   -1-2 0
                                     2 O   -1 0-2    2 O    0-2-1    2 O    0-1-2
   1 MG  24     5.1562     9.7438    1 MG  -2 0 1    1 MG   2 0-1    1 MG  -2 1 0
                                     1 MG   2-1 0    1 MG  -2 1 1    1 MG   2-1-1
                                     1 MG  -1-1 0    1 MG   1 1 0    1 MG  -1-1 2
                                     1 MG   1 1-2    1 MG  -1 0-1    1 MG   1 0 1
                                     1 MG  -1 0 2    1 MG   1 0-2    1 MG  -1 2-1
                                     1 MG   1-2 1    1 MG  -1 2 0    1 MG   1-2 0
                                     1 MG   0-2 1    1 MG   0 2-1    1 MG   0-1-1
                                     1 MG   0 1 1    1 MG   0-1 2    1 MG   0 1-2

   2 O    6     2.1050     3.9779    1 MG   1 0 0    1 MG   0 1 0    1 MG   0 0 1
                                     1 MG   1 1 0    1 MG   1 0 1    1 MG   0 1 1
   2 O   12     2.9769     5.6256    2 O   -1 0 0    2 O    1 0 0    2 O   -1 0 1
                                     2 O    1 0-1    2 O   -1 1 0    2 O    1-1 0
                                     2 O    0-1 0    2 O    0 1 0    2 O    0-1 1
                                     2 O    0 1-1    2 O    0 0-1    2 O    0 0 1
   2 O    8     3.6460     6.8899    1 MG   0 0 0    1 MG   1 1-1    1 MG   1-1 1
                                     1 MG  -1 1 1    1 MG   2 0 0    1 MG   0 2 0
                                     1 MG   0 0 2    1 MG   1 1 1
   2 O    6     4.2100     7.9557    2 O   -1-1 1    2 O    1 1-1    2 O   -1 1-1
                                     2 O    1-1 1    2 O   -1 1 1    2 O    1-1-1
   2 O   24     4.7069     8.8948    1 MG  -1 0 1    1 MG   1 0-1    1 MG  -1 1 0
                                     1 MG   1-1 0    1 MG   0-1 1    1 MG   0 1-1
                                     1 MG   2 0-1    1 MG   2-1 0    1 MG  -1 0 2
                                     1 MG  -1 2 0    1 MG   0 2-1    1 MG   0-1 2
                                     1 MG   2 1-1    1 MG   2-1 1    1 MG   1 2-1
                                     1 MG   1-1 2    1 MG  -1 1 2    1 MG  -1 2 1
                                     1 MG   2 1 0    1 MG   2 0 1    1 MG   1 2 0
                                     1 MG   1 0 2    1 MG   0 2 1    1 MG   0 1 2
   2 O   24     5.1562     9.7438    2 O   -2 0 1    2 O    2 0-1    2 O   -2 1 0
                                     2 O    2-1 0    2 O   -2 1 1    2 O    2-1-1
                                     2 O   -1-1 0    2 O    1 1 0    2 O   -1-1 2
                                     2 O    1 1-2    2 O   -1 0-1    2 O    1 0 1
                                     2 O   -1 0 2    2 O    1 0-2    2 O   -1 2-1
                                     2 O    1-2 1    2 O   -1 2 0    2 O    1-2 0
                                     2 O    0-2 1    2 O    0 2-1    2 O    0-1-1
                                     2 O    0 1 1    2 O    0-1 2    2 O    0 1-2

 TTTTTTTTTTTTTTTTTTTTTTTTTTTTTT AFTER FIRST TELAPSE        0.02 TCPU        0.01
 MMMMMMMMMMMMMMMMMMMMMMMMMMMMMMMMMMMMMMMMMMMMMMMMMMMMMMMMMMMMMMMMMMMMMMMMMMMMMMM
     ALPHA+BETA ELECTRONS
 MULLIKEN POPULATION ANALYSIS - NO. OF ELECTRONS   20.000000

  ATOM    Z CHARGE  A.O. POPULATION

   1 MG  12 11.223  1.999  1.961  1.887  1.887  1.887  0.549  0.351  0.351
                    0.351
   2 O    8  8.777  1.998  1.867  1.637  1.637  1.637

  ATOM    Z CHARGE  SHELL POPULATION

   1 MG  12 11.223  1.999  7.622  1.602
   2 O    8  8.777  1.998  6.779

 OVERLAP POPULATION CONDENSED TO ATOMS FOR FIRST   6 NEIGHBORS

 ATOM A   1 MG   ATOM B     CELL      R(AB)/AU R(AB)/ANG    OVPOP(AB)
                  2 O    ( -1  0  0)     3.978     2.105     0.087
                  1 MG   ( -1  0  0)     5.626     2.977     0.003
                  2 O    (  0  0  0)     6.890     3.646    -0.000
                  1 MG   ( -1 -1  1)     7.956     4.210    -0.002
                  2 O    (  1  0 -1)     8.895     4.707     0.000
                  1 MG   ( -2  0  1)     9.744     5.156     0.000

 ATOM A   2 O    ATOM B     CELL      R(AB)/AU R(AB)/ANG    OVPOP(AB)
                  1 MG   (  1  0  0)     3.978     2.105     0.087
                  2 O    ( -1  0  0)     5.626     2.977    -0.001
                  1 MG   (  0  0  0)     6.890     3.646    -0.000
                  2 O    ( -1 -1  1)     7.956     4.210     0.000
                  1 MG   ( -1  0  1)     8.895     4.707     0.000
                  2 O    ( -2  0  1)     9.744     5.156     0.000
 TTTTTTTTTTTTTTTTTTTTTTTTTTTTTT PPAN        TELAPSE        0.02 TCPU        0.01
 ENDPROP   
 TTTTTTTTTTTTTTTTTTTTTTTTTTTTTT END         TELAPSE        0.02 TCPU        0.01
 EEEEEEEEEE TERMINATION  DATE 10 01 2020 TIME 06:12:39.9
